AR functie behavioral D:/SUM8-Ricea-Alexandra/schema/functie.vhf sub00/vhpl03 1641640708
AR add8_mxilinx_functie behavioral D:/SUM8-Ricea-Alexandra/schema/functie.vhf sub00/vhpl01 1641640706
EN functie NULL D:/SUM8-Ricea-Alexandra/schema/functie.vhf sub00/vhpl02 1641640707
EN add8_mxilinx_functie NULL D:/SUM8-Ricea-Alexandra/schema/functie.vhf sub00/vhpl00 1641640705
