AR m4_1e_mxilinx_functie behavioral D:/MUX-Ricea-Alexandra/schema/functie.vhf sub00/vhpl03 1641461998
AR m2_1e_mxilinx_functie behavioral D:/MUX-Ricea-Alexandra/schema/functie.vhf sub00/vhpl01 1641461996
AR functie behavioral D:/MUX-Ricea-Alexandra/schema/functie.vhf sub00/vhpl05 1641462000
EN m2_1e_mxilinx_functie NULL D:/MUX-Ricea-Alexandra/schema/functie.vhf sub00/vhpl00 1641461995
EN functie NULL D:/MUX-Ricea-Alexandra/schema/functie.vhf sub00/vhpl04 1641461999
EN m4_1e_mxilinx_functie NULL D:/MUX-Ricea-Alexandra/schema/functie.vhf sub00/vhpl02 1641461997
