AR adder1 behavioral "D:/SUM4 folosind SUM1- Ricea Alexandra/schema/adder1.vhf" sub00/vhpl03 1641908155
EN adder1 NULL "D:/SUM4 folosind SUM1- Ricea Alexandra/schema/adder1.vhf" sub00/vhpl02 1641908154
EN adder4 NULL "D:/SUM4 folosind SUM1- Ricea Alexandra/schema/adder4.vhf" sub00/vhpl00 1641908156
AR adder4 behavioral "D:/SUM4 folosind SUM1- Ricea Alexandra/schema/adder4.vhf" sub00/vhpl01 1641908157
