AR add4_mxilinx_functie behavioral D:/SUM4-Ricea-Alexandra/schema/functie.vhf sub00/vhpl01 1641468150
EN add4_mxilinx_functie NULL D:/SUM4-Ricea-Alexandra/schema/functie.vhf sub00/vhpl00 1641468149
AR functie behavioral D:/SUM4-Ricea-Alexandra/schema/functie.vhf sub00/vhpl03 1641468152
EN functie NULL D:/SUM4-Ricea-Alexandra/schema/functie.vhf sub00/vhpl02 1641468151
