V3 3
FL D:/laborator_7_partea_comuna/NumJohnson8/NumJohnson8.vhd 2022/04/11.21:37:55 J.40
EN work/NumJohnson8 1651934049 \
      FL D:/laborator_7_partea_comuna/NumJohnson8/NumJohnson8.vhd \
      PB ieee/std_logic_1164 1192821031 PB ieee/std_logic_arith 1192821032 \
      PB ieee/STD_LOGIC_UNSIGNED 1192821033
AR work/NumJohnson8/Behavioral 1651934050 \
      FL D:/laborator_7_partea_comuna/NumJohnson8/NumJohnson8.vhd \
      EN work/NumJohnson8 1651934049
