V3 3
FL D:/laborator_6_partea_comuna_II/Reg4/Reg4.vhd 2022/04/09.23:30:45 J.40
EN work/Reg4 1649621328 FL D:/laborator_6_partea_comuna_II/Reg4/Reg4.vhd \
      PB ieee/std_logic_1164 1192821031 PB ieee/std_logic_arith 1192821032 \
      PB ieee/STD_LOGIC_UNSIGNED 1192821033
AR work/Reg4/Behavioral 1649621329 \
      FL D:/laborator_6_partea_comuna_II/Reg4/Reg4.vhd EN work/Reg4 1649621328
