AR d2_4e_mxilinx_functie behavioral D:/DEC-Ricea-Alexandra/schema/functie.vhf sub00/vhpl01 1641465237
AR functie behavioral D:/DEC-Ricea-Alexandra/schema/functie.vhf sub00/vhpl03 1641465239
EN d2_4e_mxilinx_functie NULL D:/DEC-Ricea-Alexandra/schema/functie.vhf sub00/vhpl00 1641465236
EN functie NULL D:/DEC-Ricea-Alexandra/schema/functie.vhf sub00/vhpl02 1641465238
