Release 9.2.04i - xst J.40
Copyright (c) 1995-2007 Xilinx, Inc.  All rights reserved.
--> Parameter TMPDIR set to ./xst/projnav.tmp
CPU : 0.00 / 0.08 s | Elapsed : 0.00 / 0.00 s
 
--> Parameter xsthdpdir set to ./xst
CPU : 0.00 / 0.08 s | Elapsed : 0.00 / 0.00 s
 
--> Reading design: functie.prj

TABLE OF CONTENTS
  1) Synthesis Options Summary
  2) HDL Compilation
  3) Design Hierarchy Analysis
  4) HDL Analysis
  5) HDL Synthesis
     5.1) HDL Synthesis Report
  6) Advanced HDL Synthesis
     6.1) Advanced HDL Synthesis Report
  7) Low Level Synthesis
  8) Partition Report
  9) Final Report
     9.1) Device utilization summary
     9.2) Partition Resource Summary
     9.3) TIMING REPORT


=========================================================================
*                      Synthesis Options Summary                        *
=========================================================================
---- Source Parameters
Input File Name                    : "functie.prj"
Input Format                       : mixed
Ignore Synthesis Constraint File   : NO

---- Target Parameters
Output File Name                   : "functie"
Output Format                      : NGC
Target Device                      : xc3s400-4-ft256

---- Source Options
Top Module Name                    : functie
Automatic FSM Extraction           : YES
FSM Encoding Algorithm             : Auto
Safe Implementation                : No
FSM Style                          : lut
RAM Extraction                     : Yes
RAM Style                          : Auto
ROM Extraction                     : Yes
Mux Style                          : Auto
Decoder Extraction                 : YES
Priority Encoder Extraction        : YES
Shift Register Extraction          : YES
Logical Shifter Extraction         : YES
XOR Collapsing                     : YES
ROM Style                          : Auto
Mux Extraction                     : YES
Resource Sharing                   : YES
Asynchronous To Synchronous        : NO
Multiplier Style                   : auto
Automatic Register Balancing       : No

---- Target Options
Add IO Buffers                     : YES
Global Maximum Fanout              : 500
Add Generic Clock Buffer(BUFG)     : 8
Register Duplication               : YES
Slice Packing                      : YES
Optimize Instantiated Primitives   : NO
Use Clock Enable                   : Yes
Use Synchronous Set                : Yes
Use Synchronous Reset              : Yes
Pack IO Registers into IOBs        : auto
Equivalent register Removal        : YES

---- General Options
Optimization Goal                  : Speed
Optimization Effort                : 1
Library Search Order               : functie.lso
Keep Hierarchy                     : NO
RTL Output                         : Yes
Global Optimization                : AllClockNets
Read Cores                         : YES
Write Timing Constraints           : NO
Cross Clock Analysis               : NO
Hierarchy Separator                : /
Bus Delimiter                      : <>
Case Specifier                     : maintain
Slice Utilization Ratio            : 100
BRAM Utilization Ratio             : 100
Verilog 2001                       : YES
Auto BRAM Packing                  : NO
Slice Utilization Ratio Delta      : 5

=========================================================================


=========================================================================
*                          HDL Compilation                              *
=========================================================================
Compiling vhdl file "D:/SUM8-Ricea-Alexandra/schema/functie.vhf" in Library work.
Entity <ADD8_MXILINX_functie> compiled.
Entity <ADD8_MXILINX_functie> (Architecture <BEHAVIORAL>) compiled.
Entity <functie> compiled.
Entity <functie> (Architecture <BEHAVIORAL>) compiled.

=========================================================================
*                     Design Hierarchy Analysis                         *
=========================================================================
Analyzing hierarchy for entity <functie> in library <work> (architecture <BEHAVIORAL>).

Analyzing hierarchy for entity <ADD8_MXILINX_functie> in library <work> (architecture <BEHAVIORAL>).


=========================================================================
*                            HDL Analysis                               *
=========================================================================
Analyzing Entity <functie> in library <work> (Architecture <BEHAVIORAL>).
    Set user-defined property "HU_SET =  XLXI_1_0" for instance <XLXI_1> in unit <functie>.
Entity <functie> analyzed. Unit <functie> generated.

Analyzing Entity <ADD8_MXILINX_functie> in library <work> (Architecture <BEHAVIORAL>).
    Set user-defined property "RLOC =  X0Y0" for instance <I_36_16> in unit <ADD8_MXILINX_functie>.
    Set user-defined property "RLOC =  X0Y0" for instance <I_36_17> in unit <ADD8_MXILINX_functie>.
    Set user-defined property "RLOC =  X0Y1" for instance <I_36_18> in unit <ADD8_MXILINX_functie>.
    Set user-defined property "RLOC =  X0Y1" for instance <I_36_19> in unit <ADD8_MXILINX_functie>.
    Set user-defined property "RLOC =  X0Y2" for instance <I_36_20> in unit <ADD8_MXILINX_functie>.
    Set user-defined property "RLOC =  X0Y2" for instance <I_36_21> in unit <ADD8_MXILINX_functie>.
    Set user-defined property "RLOC =  X0Y3" for instance <I_36_22> in unit <ADD8_MXILINX_functie>.
    Set user-defined property "RLOC =  X0Y3" for instance <I_36_23> in unit <ADD8_MXILINX_functie>.
    Set user-defined property "RLOC =  X0Y0" for instance <I_36_55> in unit <ADD8_MXILINX_functie>.
    Set user-defined property "RLOC =  X0Y1" for instance <I_36_58> in unit <ADD8_MXILINX_functie>.
    Set user-defined property "RLOC =  X0Y1" for instance <I_36_62> in unit <ADD8_MXILINX_functie>.
    Set user-defined property "RLOC =  X0Y2" for instance <I_36_63> in unit <ADD8_MXILINX_functie>.
    Set user-defined property "RLOC =  X0Y3" for instance <I_36_64> in unit <ADD8_MXILINX_functie>.
    Set user-defined property "RLOC =  X0Y3" for instance <I_36_107> in unit <ADD8_MXILINX_functie>.
    Set user-defined property "RLOC =  X0Y2" for instance <I_36_110> in unit <ADD8_MXILINX_functie>.
    Set user-defined property "RLOC =  X0Y0" for instance <I_36_111> in unit <ADD8_MXILINX_functie>.
Entity <ADD8_MXILINX_functie> analyzed. Unit <ADD8_MXILINX_functie> generated.


=========================================================================
*                           HDL Synthesis                               *
=========================================================================

Performing bidirectional port resolution...

Synthesizing Unit <ADD8_MXILINX_functie>.
    Related source file is "D:/SUM8-Ricea-Alexandra/schema/functie.vhf".
WARNING:Xst:653 - Signal <dummy> is used but never assigned. Tied to value 0.
Unit <ADD8_MXILINX_functie> synthesized.


Synthesizing Unit <functie>.
    Related source file is "D:/SUM8-Ricea-Alexandra/schema/functie.vhf".
Unit <functie> synthesized.


=========================================================================
HDL Synthesis Report

Found no macro
=========================================================================

=========================================================================
*                       Advanced HDL Synthesis                          *
=========================================================================

Loading device for application Rf_Device from file '3s400.nph' in environment C:\Xilinx92i.

=========================================================================
Advanced HDL Synthesis Report

Found no macro
=========================================================================

=========================================================================
*                         Low Level Synthesis                           *
=========================================================================

Optimizing unit <functie> ...

Optimizing unit <ADD8_MXILINX_functie> ...

Mapping all equations...
Building and optimizing final netlist ...
Found area constraint ratio of 100 (+ 5) on block functie, actual ratio is 0.

Final Macro Processing ...

=========================================================================
Final Register Report

Found no macro
=========================================================================

=========================================================================
*                          Partition Report                             *
=========================================================================

Partition Implementation Status
-------------------------------

  No Partitions were found in this design.

-------------------------------

=========================================================================
*                            Final Report                               *
=========================================================================
Final Results
RTL Top Level Output File Name     : functie.ngr
Top Level Output File Name         : functie
Output Format                      : NGC
Optimization Goal                  : Speed
Keep Hierarchy                     : NO

Design Statistics
# IOs                              : 27

Cell Usage :
# BELS                             : 26
#      GND                         : 1
#      MUXCY                       : 1
#      MUXCY_D                     : 1
#      MUXCY_L                     : 6
#      XOR2                        : 9
#      XORCY                       : 8
# IO Buffers                       : 27
#      IBUF                        : 17
#      OBUF                        : 10
# Others                           : 8
#      FMAP                        : 8
=========================================================================

Device utilization summary:
---------------------------

Selected Device : 3s400ft256-4 

 Number of Slices:                       0  out of   3584     0%  
 Number of IOs:                         27
 Number of bonded IOBs:                 27  out of    173    15%  

---------------------------
Partition Resource Summary:
---------------------------

  No Partitions were found in this design.

---------------------------


=========================================================================
TIMING REPORT

NOTE: THESE TIMING NUMBERS ARE ONLY A SYNTHESIS ESTIMATE.
      FOR ACCURATE TIMING INFORMATION PLEASE REFER TO THE TRACE REPORT
      GENERATED AFTER PLACE-and-ROUTE.

Clock Information:
------------------
No clock signals found in this design

Asynchronous Control Signals Information:
----------------------------------------
No asynchronous control signals found in this design

Timing Summary:
---------------
Speed Grade: -4

   Minimum period: No path found
   Minimum input arrival time before clock: No path found
   Maximum output required time after clock: No path found
   Maximum combinational path delay: 11.472ns

Timing Detail:
--------------
All values displayed in nanoseconds (ns)

=========================================================================
Timing constraint: Default path analysis
  Total number of paths / destination ports: 180 / 10
-------------------------------------------------------------------------
Delay:               11.472ns (Levels of Logic = 13)
  Source:            A<0> (PAD)
  Destination:       OFL (PAD)

  Data Path: A<0> to OFL
                                Gate     Net
    Cell:in->out      fanout   Delay   Delay  Logical Name (Net Name)
    ----------------------------------------  ------------
     IBUF:I->O             1   0.821   0.801  A_0_IBUF (A_0_IBUF)
     begin scope: 'XLXI_1'
     XOR2:I0->O            1   0.551   0.000  I_36_228 (I0)
     MUXCY_L:S->LO         1   0.500   0.000  I_36_111 (C0)
     MUXCY_L:CI->LO        1   0.064   0.000  I_36_55 (C1)
     MUXCY_L:CI->LO        1   0.064   0.000  I_36_62 (C2)
     MUXCY_L:CI->LO        1   0.064   0.000  I_36_58 (C3)
     MUXCY_L:CI->LO        1   0.064   0.000  I_36_63 (C4)
     MUXCY_L:CI->LO        1   0.064   0.000  I_36_110 (C5)
     MUXCY_D:CI->LO        1   0.303   0.000  I_36_107 (C6)
     MUXCY:CI->O           2   0.303   0.877  I_36_64 (CO)
     XOR2:I1->O            1   0.551   0.801  I_36_239 (OFL)
     end scope: 'XLXI_1'
     OBUF:I->O                 5.644          OFL_OBUF (OFL)
    ----------------------------------------
    Total                     11.472ns (8.993ns logic, 2.479ns route)
                                       (78.4% logic, 21.6% route)

=========================================================================
CPU : 1.94 / 2.04 s | Elapsed : 2.00 / 2.00 s
 
--> 

Total memory usage is 214172 kilobytes

Number of errors   :    0 (   0 filtered)
Number of warnings :    1 (   0 filtered)
Number of infos    :    0 (   0 filtered)

