--------------------------------------------------------------------------------
Release 9.2.04i Trace 
Copyright (c) 1995-2007 Xilinx, Inc.  All rights reserved.

C:\Xilinx92i\bin\nt\trce.exe -ise D:/e020complem1/e020complem1.ise -intstyle
ise -e 3 -s 4 -xml e020complem1 e020complem1.ncd -o e020complem1.twr
e020complem1.pcf

Design file:              e020complem1.ncd
Physical constraint file: e020complem1.pcf
Device,package,speed:     xc3s400,ft256,-4 (PRODUCTION 1.39 2007-10-19)
Report level:             error report

Environment Variable      Effect 
--------------------      ------ 
NONE                      No environment variables were set
--------------------------------------------------------------------------------

INFO:Timing:2698 - No timing constraints found, doing default enumeration.
INFO:Timing:2752 - To get complete path coverage, use the unconstrained paths 
   option. All paths that are not constrained will be reported in the 
   unconstrained paths section(s) of the report.
INFO:Timing:3339 - The clock-to-out numbers in this timing report are based on 
   a 50 Ohm transmission line loading model.  For the details of this model, 
   and for more information on accounting for different loading conditions, 
   please see the device datasheet.



Data Sheet report:
-----------------
All values displayed in nanoseconds (ns)

Pad to Pad
---------------+---------------+---------+
Source Pad     |Destination Pad|  Delay  |
---------------+---------------+---------+
iComplement    |oaY<0>         |    8.954|
iComplement    |oaY<1>         |    8.544|
iComplement    |oaY<2>         |   10.682|
iComplement    |oaY<3>         |   10.661|
iComplement    |oaY<4>         |    8.777|
iComplement    |oaY<5>         |    9.055|
iComplement    |oaY<6>         |   10.942|
iComplement    |oaY<7>         |   10.909|
iaA<0>         |oaY<0>         |    8.032|
iaA<1>         |oaY<1>         |    7.723|
iaA<2>         |oaY<2>         |    7.820|
iaA<3>         |oaY<3>         |    7.934|
iaA<4>         |oaY<4>         |    7.585|
iaA<5>         |oaY<5>         |    7.973|
iaA<6>         |oaY<6>         |    7.651|
iaA<7>         |oaY<7>         |    7.790|
---------------+---------------+---------+


Analysis completed Sun Mar 20 13:16:55 2022 
--------------------------------------------------------------------------------

Trace Settings:
-------------------------
Trace Settings 

Peak Memory Usage: 119 MB



